2026-09-11 00:15:00 [INFO] ============================================================
2026-09-11 00:15:00 [INFO] 🤖 YouLikeHits Bot — HAMESHA CHALTA RAHEGA
2026-09-11 00:15:00 [INFO]    Account : patelbhavesh9130@gmail.com
2026-09-11 00:15:00 [INFO]    Headless: False
2026-09-11 00:15:00 [INFO]    Delay   : 3-7s
2026-09-11 00:15:00 [INFO] ============================================================
2026-09-11 00:15:00 [INFO] 🌐 Browser start kar raha hoon...
2026-09-11 00:15:02 [INFO] 🔐 Google/YouTube login kar raha hoon...
2026-09-11 00:15:37 [ERROR] ❌ Google login error: Page.fill: Timeout 30000ms exceeded.
Call log:
  - waiting for locator("input[type=\"email\"]")

2026-09-11 00:15:40 [INFO] 🔐 YouLikeHits login kar raha hoon...
2026-09-11 00:17:19 [INFO] ============================================================
2026-09-11 00:17:19 [INFO] [BOT] YouLikeHits Bot -- HAMESHA CHALTA RAHEGA
2026-09-11 00:17:19 [INFO]    Account : patelbhavesh9130@gmail.com
2026-09-11 00:17:19 [INFO]    Headless: False
2026-09-11 00:17:19 [INFO]    Delay   : 3-7s
2026-09-11 00:17:19 [INFO] ============================================================
2026-09-11 00:17:19 [INFO] [BOT] Browser start kar raha hoon...
2026-09-11 00:17:20 [INFO] [LOGIN] Google/YouTube login kar raha hoon...
2026-09-11 00:17:27 [INFO] [OK] Already logged in to Google!
2026-09-11 00:17:30 [INFO] [LOGIN] YouLikeHits login kar raha hoon...
2026-09-11 00:18:04 [ERROR] [ERROR] YouLikeHits login error: Page.fill: Timeout 30000ms exceeded.
Call log:
  - waiting for locator("input[name=\"password\"]")

2026-09-11 00:18:05 [ERROR] [ERROR] Login fail -- 60s mein retry...
2026-09-11 00:18:05 [INFO] [RESTART] Session khatam. Grand Total Likes: 0
2026-09-11 00:18:05 [INFO] [WAIT] 30s baad naya session shuru hoga...
2026-09-11 00:20:22 [INFO] ============================================================
2026-09-11 00:20:22 [INFO] [BOT] YouLikeHits Bot -- HAMESHA CHALTA RAHEGA
2026-09-11 00:20:22 [INFO]    Account : patelbhavesh9130@gmail.com
2026-09-11 00:20:22 [INFO]    Headless: False
2026-09-11 00:20:22 [INFO]    Delay   : 3-7s
2026-09-11 00:20:22 [INFO] ============================================================
2026-09-11 00:20:22 [INFO] [BOT] Browser start kar raha hoon...
2026-09-11 00:20:23 [INFO] [LOGIN] Google/YouTube login kar raha hoon...
2026-09-11 00:20:36 [INFO] [OK] Already logged in to Google!
2026-09-11 00:20:39 [INFO] [LOGIN] YouLikeHits login kar raha hoon...
2026-09-11 00:20:49 [INFO] [OK] YouLikeHits login successful!
2026-09-11 00:20:49 [INFO] [POINTS] Starting points: 249
2026-09-11 00:20:53 [INFO] [START] Like loop shuru! (Ctrl+C se band karo)
2026-09-11 00:20:53 [INFO] ------------------------------------------------------------
2026-09-11 00:20:53 [INFO] [Like #1] Processing...
2026-09-11 00:20:57 [WARNING] [WARN] 'Like Video' button nahi mila. Refresh...
2026-09-11 00:20:57 [WARNING] [FAIL] Failure #1/5
2026-09-11 00:21:03 [INFO] [Like #1] Processing...
2026-09-11 00:21:07 [WARNING] [WARN] 'Like Video' button nahi mila. Refresh...
2026-09-11 00:21:07 [WARNING] [FAIL] Failure #2/5
2026-09-11 00:21:11 [INFO] [Like #1] Processing...
2026-09-11 00:21:20 [WARNING] [WARN] 'Like Video' button nahi mila. Refresh...
2026-09-11 00:21:20 [WARNING] [FAIL] Failure #3/5
2026-09-11 00:21:23 [INFO] [Like #1] Processing...
2026-09-11 00:21:26 [WARNING] [WARN] 'Like Video' button nahi mila. Refresh...
2026-09-11 00:21:26 [WARNING] [FAIL] Failure #4/5
2026-09-11 00:21:33 [INFO] [Like #1] Processing...
2026-09-11 00:21:37 [WARNING] [WARN] 'Like Video' button nahi mila. Refresh...
2026-09-11 00:21:37 [WARNING] [FAIL] Failure #5/5
2026-09-11 00:21:37 [WARNING] [RETRY] 5 failures -- re-login kar raha hoon...
2026-09-11 00:22:07 [INFO] [LOGIN] YouLikeHits login kar raha hoon...
2026-09-11 00:27:17 [INFO] ============================================================
2026-09-11 00:27:17 [INFO] [BOT] YouLikeHits Bot -- HAMESHA CHALTA RAHEGA
2026-09-11 00:27:17 [INFO]    Account : patelbhavesh9130@gmail.com
2026-09-11 00:27:17 [INFO]    Headless: False
2026-09-11 00:27:17 [INFO]    Delay   : 3-7s
2026-09-11 00:27:17 [INFO] ============================================================
2026-09-11 00:27:17 [INFO] [BOT] Browser start kar raha hoon...
2026-09-11 00:27:19 [INFO] [LOGIN] Google/YouTube login kar raha hoon...
2026-09-11 00:27:26 [INFO] [OK] Already logged in to Google!
2026-09-11 00:27:29 [INFO] [LOGIN] YouLikeHits login kar raha hoon...
2026-09-11 00:27:43 [INFO] [OK] YouLikeHits login successful!
2026-09-11 00:27:43 [INFO] [POINTS] Starting points: 249
2026-09-11 00:27:49 [INFO] [START] Like loop shuru! (Ctrl+C se band karo)
2026-09-11 00:27:49 [INFO] ------------------------------------------------------------
2026-09-11 00:27:49 [INFO] [Like #1] Processing...
2026-09-11 00:27:53 [INFO]   >> Grid 'Like' button dhund raha hoon...
2026-09-11 00:27:56 [INFO]   >> 'Like' clicked! Detail view load ho raha hai...
2026-09-11 00:27:56 [INFO]   >> 'Like Video' click kar raha hoon...
2026-09-11 00:28:08 [INFO]   >> YouTube: https://www.youtube.com/watch?v=mE4mhlMl3G0
2026-09-11 00:28:32 [WARNING]   [WARN] YouTube like button nahi mila -- continue kar raha hoon
2026-09-11 00:28:34 [INFO]   >> YouLikeHits sync wait kar raha hoon...
2026-09-11 00:29:14 [INFO]   [INFO] Confirm button nahi mila -- auto-credited ho sakte hain
2026-09-11 00:29:14 [INFO] [STATS] Likes: 1 | Points: 249 | Gained: +0
2026-09-11 00:29:18 [INFO] [Like #2] Processing...
2026-09-11 00:29:22 [INFO]   >> Grid 'Like' button dhund raha hoon...
2026-09-11 00:29:25 [INFO]   >> 'Like' clicked! Detail view load ho raha hai...
2026-09-11 00:29:25 [INFO]   >> 'Like Video' click kar raha hoon...
2026-09-11 00:29:30 [INFO]   >> YouTube: https://www.youtube.com/watch?v=IVqJHvqG7DQ
2026-09-11 00:29:53 [WARNING]   [WARN] YouTube like button nahi mila -- continue kar raha hoon
2026-09-11 00:29:55 [INFO]   >> YouLikeHits sync wait kar raha hoon...
2026-09-11 00:30:42 [INFO] ============================================================
2026-09-11 00:30:42 [INFO] [BOT] YouLikeHits Bot -- HAMESHA CHALTA RAHEGA
2026-09-11 00:30:42 [INFO]    Account : patelbhavesh9130@gmail.com
2026-09-11 00:30:42 [INFO]    Headless: False
2026-09-11 00:30:42 [INFO]    Delay   : 3-7s
2026-09-11 00:30:42 [INFO] ============================================================
2026-09-11 00:30:42 [INFO] [BOT] Browser start kar raha hoon...
2026-09-11 00:30:43 [INFO] [LOGIN] Google/YouTube login kar raha hoon...
2026-09-11 00:30:53 [INFO] [OK] Already logged in to Google!
2026-09-11 00:30:55 [INFO] [LOGIN] YouLikeHits login kar raha hoon...
2026-09-11 00:31:04 [INFO] [OK] YouLikeHits login successful!
2026-09-11 00:31:04 [INFO] [POINTS] Starting points: 249
2026-09-11 00:31:08 [INFO] [START] Like loop shuru! (Ctrl+C se band karo)
2026-09-11 00:31:08 [INFO] ------------------------------------------------------------
2026-09-11 00:31:08 [INFO] [Like #1] Processing...
2026-09-11 00:31:11 [INFO]   >> Grid 'Like' button dhund raha hoon...
2026-09-11 00:31:14 [INFO]   >> 'Like' clicked! Detail view load ho raha hai...
2026-09-11 00:31:14 [INFO]   >> 'Like Video' click kar raha hoon...
2026-09-11 00:31:22 [INFO]   >> YouTube: https://www.youtube.com/watch?v=4QOiKUwH1Ek
2026-09-11 00:32:02 [INFO]   [OK] YouTube Like JS fallback: clicked: like this video along with 22 other people
2026-09-11 00:32:04 [INFO]   >> YouLikeHits sync wait kar raha hoon...
2026-09-11 00:32:45 [INFO]   [INFO] Confirm button nahi mila -- auto-credited ho sakte hain
2026-09-11 00:32:45 [INFO] [STATS] Likes: 1 | Points: 249 | Gained: +0
2026-09-11 00:32:49 [INFO] [Like #2] Processing...
2026-09-11 00:32:53 [INFO]   >> Grid 'Like' button dhund raha hoon...
2026-09-11 00:32:56 [INFO]   >> 'Like' clicked! Detail view load ho raha hai...
2026-09-11 00:32:56 [INFO]   >> 'Like Video' click kar raha hoon...
2026-09-11 00:33:01 [INFO]   >> YouTube: https://www.youtube.com/watch?v=mE4mhlMl3G0
2026-09-11 00:33:42 [INFO]   [OK] YouTube Like JS fallback: clicked: like this video along with 2,854 other people
2026-09-11 00:33:45 [INFO]   >> YouLikeHits sync wait kar raha hoon...
2026-09-11 00:34:26 [INFO]   [INFO] Confirm button nahi mila -- auto-credited ho sakte hain
2026-09-11 00:34:26 [INFO] [STATS] Likes: 2 | Points: 249 | Gained: +0
2026-09-11 00:34:32 [INFO] [Like #3] Processing...
2026-09-11 00:34:37 [INFO]   >> Grid 'Like' button dhund raha hoon...
2026-09-11 00:34:40 [INFO]   >> 'Like' clicked! Detail view load ho raha hai...
2026-09-11 00:34:40 [INFO]   >> 'Like Video' click kar raha hoon...
2026-09-11 00:34:47 [INFO]   >> YouTube: https://www.youtube.com/watch?v=mE4mhlMl3G0
2026-09-11 00:35:42 [INFO]   [OK] YouTube Like JS fallback: clicked: like this video along with 2,854 other people
2026-09-11 00:35:45 [INFO]   >> YouLikeHits sync wait kar raha hoon...
2026-09-11 00:36:27 [INFO]   [INFO] Confirm button nahi mila -- auto-credited ho sakte hain
2026-09-11 00:36:27 [INFO] [STATS] Likes: 3 | Points: 249 | Gained: +0
2026-09-11 00:36:32 [INFO] [Like #4] Processing...
2026-09-11 00:36:36 [INFO]   >> Grid 'Like' button dhund raha hoon...
2026-09-11 00:36:38 [INFO]   >> 'Like' clicked! Detail view load ho raha hai...
2026-09-11 00:36:38 [INFO]   >> 'Like Video' click kar raha hoon...
2026-09-11 00:36:43 [INFO]   >> YouTube: https://www.youtube.com/watch?v=4QOiKUwH1Ek
2026-09-11 00:37:24 [INFO]   [OK] YouTube Like JS fallback: clicked: like this video along with 24 other people
2026-09-11 00:37:26 [INFO]   >> YouLikeHits sync wait kar raha hoon...
2026-09-11 00:38:07 [INFO]   [INFO] Confirm button nahi mila -- auto-credited ho sakte hain
2026-09-11 00:38:07 [INFO] [STATS] Likes: 4 | Points: 249 | Gained: +0
2026-09-11 00:38:11 [INFO] [Like #5] Processing...
2026-09-11 00:38:15 [INFO]   >> Grid 'Like' button dhund raha hoon...
2026-09-11 00:38:18 [INFO]   >> 'Like' clicked! Detail view load ho raha hai...
2026-09-11 00:38:18 [INFO]   >> 'Like Video' click kar raha hoon...
2026-09-11 00:38:24 [INFO]   >> YouTube: https://www.youtube.com/watch?v=4QOiKUwH1Ek
2026-09-11 00:39:04 [INFO]   [OK] YouTube Like JS fallback: clicked: like this video along with 25 other people
2026-09-11 00:39:06 [INFO]   >> YouLikeHits sync wait kar raha hoon...
2026-09-11 00:41:07 [INFO] ============================================================
2026-09-11 00:41:07 [INFO] [BOT] YouLikeHits Bot -- HAMESHA CHALTA RAHEGA
2026-09-11 00:41:07 [INFO]    Account : patelbhavesh9130@gmail.com
2026-09-11 00:41:07 [INFO]    Headless: False
2026-09-11 00:41:07 [INFO]    Delay   : 3-7s
2026-09-11 00:41:07 [INFO] ============================================================
2026-09-11 00:41:07 [INFO] [BOT] Browser start kar raha hoon...
2026-09-11 00:41:08 [INFO] [LOGIN] Google/YouTube login kar raha hoon...
2026-09-11 00:41:17 [INFO] [OK] Already logged in to Google!
2026-09-11 00:41:19 [INFO] [LOGIN] YouLikeHits login kar raha hoon...
2026-09-11 00:41:35 [INFO] [OK] YouLikeHits login successful!
2026-09-11 00:41:35 [INFO] [POINTS] Starting points: 249
2026-09-11 00:41:39 [INFO] [START] Like loop shuru! (Ctrl+C se band karo)
2026-09-11 00:41:39 [INFO] ------------------------------------------------------------
2026-09-11 00:41:39 [INFO] [Like #1] Processing...
2026-09-11 00:41:42 [INFO]   >> Grid 'Like' button dhund raha hoon...
2026-09-11 00:41:44 [INFO]   >> 'Like' clicked! Detail view load ho raha hai...
2026-09-11 00:41:44 [INFO]   >> 'Like Video' click kar raha hoon...
2026-09-11 00:41:54 [ERROR]   [ERROR] Like process error: ElementHandle.click: Element is not attached to the DOM
Call log:
  - attempting click action
    - waiting for element to be visible, enabled and stable

2026-09-11 00:41:54 [WARNING] [FAIL] Failure #1/5
2026-09-11 00:42:00 [INFO] [Like #1] Processing...
2026-09-11 00:42:04 [INFO]   >> Grid 'Like' button dhund raha hoon...
2026-09-11 00:42:07 [INFO]   >> 'Like' clicked! Detail view load ho raha hai...
2026-09-11 00:42:07 [INFO]   >> 'Like Video' click kar raha hoon...
2026-09-11 00:42:10 [INFO]   >> YouTube: https://www.youtube.com/watch?v=4QOiKUwH1Ek
2026-09-11 00:42:51 [INFO]   [OK] YouTube Like JS fallback: clicked: like this video along with 26 other people
2026-09-11 00:42:53 [INFO]   >> YouLikeHits pe confirm kar raha hoon...
2026-09-11 00:42:56 [INFO]   [OK] 'I'm done - check now' clicked!
2026-09-11 00:43:00 [INFO]   >> Syncing with mothership...
2026-09-11 00:43:05 [INFO]   [OK] Sync complete!
2026-09-11 00:43:20 [INFO]   [DONE] Points earn ho gaye!
2026-09-11 00:43:20 [INFO] [STATS] Likes: 1 | Points: 249 | Gained: +0
2026-09-11 00:43:26 [INFO] [Like #2] Processing...
2026-09-11 00:43:29 [INFO]   >> Grid 'Like' button dhund raha hoon...
2026-09-11 00:43:32 [INFO]   >> 'Like' clicked! Detail view load ho raha hai...
2026-09-11 00:43:32 [INFO]   >> 'Like Video' click kar raha hoon...
2026-09-11 00:43:37 [INFO]   >> YouTube: https://www.youtube.com/watch?v=4QOiKUwH1Ek
2026-09-11 00:44:17 [INFO]   [OK] YouTube Like JS fallback: clicked: like this video along with 26 other people
2026-09-11 00:44:20 [INFO]   >> YouLikeHits pe confirm kar raha hoon...
2026-09-11 00:44:22 [INFO]   [OK] 'I'm done - check now' clicked!
2026-09-11 00:44:51 [INFO]   [DONE] Points earn ho gaye!
2026-09-11 00:44:51 [INFO] [STATS] Likes: 2 | Points: 249 | Gained: +0
2026-09-11 00:44:56 [INFO] [Like #3] Processing...
2026-09-11 00:44:59 [INFO]   >> Grid 'Like' button dhund raha hoon...
2026-09-11 00:45:02 [INFO]   >> 'Like' clicked! Detail view load ho raha hai...
2026-09-11 00:45:02 [INFO]   >> 'Like Video' click kar raha hoon...
2026-09-11 00:45:05 [INFO]   >> YouTube: https://www.youtube.com/watch?v=4QOiKUwH1Ek
2026-09-11 00:45:46 [INFO]   [OK] YouTube Like JS fallback: clicked: like this video along with 26 other people
2026-09-11 00:45:49 [INFO]   >> YouLikeHits pe confirm kar raha hoon...
2026-09-11 00:45:52 [INFO]   [OK] 'I'm done - check now' clicked!
2026-09-11 00:46:22 [INFO]   [DONE] Points earn ho gaye!
2026-09-11 00:46:22 [INFO] [STATS] Likes: 3 | Points: 271 | Gained: +22
2026-09-11 00:46:27 [INFO] [Like #4] Processing...
2026-09-11 00:46:30 [INFO]   >> Grid 'Like' button dhund raha hoon...
2026-09-11 00:46:33 [INFO]   >> 'Like' clicked! Detail view load ho raha hai...
2026-09-11 00:46:33 [INFO]   >> 'Like Video' click kar raha hoon...
2026-09-11 00:46:37 [INFO]   >> YouTube: https://www.youtube.com/watch?v=DXCmxYXoeEk
2026-09-11 00:47:17 [INFO]   [OK] YouTube Like JS fallback: clicked: like this video along with 20 other people
2026-09-11 00:47:19 [INFO]   >> YouLikeHits pe confirm kar raha hoon...
2026-09-11 00:47:22 [INFO]   [OK] 'I'm done - check now' clicked!
2026-09-11 00:47:52 [INFO]   [DONE] Points earn ho gaye!
2026-09-11 00:47:52 [INFO] [STATS] Likes: 4 | Points: 271 | Gained: +22
2026-09-11 00:47:58 [INFO] [Like #5] Processing...
2026-09-11 00:48:02 [INFO]   >> Grid 'Like' button dhund raha hoon...
2026-09-11 00:48:04 [INFO]   >> 'Like' clicked! Detail view load ho raha hai...
2026-09-11 00:48:04 [INFO]   >> 'Like Video' click kar raha hoon...
2026-09-11 00:48:08 [INFO]   >> YouTube: https://www.youtube.com/watch?v=IVqJHvqG7DQ
2026-09-11 00:48:49 [INFO]   [OK] YouTube Like JS fallback: clicked: like this video along with 20 other people
2026-09-11 00:48:51 [INFO]   >> YouLikeHits pe confirm kar raha hoon...
2026-09-11 00:48:53 [INFO]   [OK] 'I'm done - check now' clicked!
2026-09-11 00:49:23 [INFO]   [DONE] Points earn ho gaye!
2026-09-11 00:49:23 [INFO] [STATS] Likes: 5 | Points: 271 | Gained: +22
2026-09-11 00:49:26 [INFO] [Like #6] Processing...
2026-09-11 00:49:30 [INFO]   >> Grid 'Like' button dhund raha hoon...
2026-09-11 00:49:32 [INFO]   >> 'Like' clicked! Detail view load ho raha hai...
2026-09-11 00:49:32 [INFO]   >> 'Like Video' click kar raha hoon...
2026-09-11 00:49:37 [INFO]   >> YouTube: https://www.youtube.com/watch?v=IVqJHvqG7DQ
2026-09-11 00:50:16 [INFO]   [OK] YouTube Like JS fallback: clicked: like this video along with 20 other people
2026-09-11 00:50:19 [INFO]   >> YouLikeHits pe confirm kar raha hoon...
2026-09-11 00:50:21 [INFO]   [OK] 'I'm done - check now' clicked!
2026-09-11 00:50:50 [INFO]   [DONE] Points earn ho gaye!
2026-09-11 00:50:50 [INFO] [STATS] Likes: 6 | Points: 271 | Gained: +22
2026-09-11 00:50:54 [INFO] [Like #7] Processing...
2026-09-11 00:50:57 [INFO]   >> Grid 'Like' button dhund raha hoon...
2026-09-11 00:51:00 [INFO]   >> 'Like' clicked! Detail view load ho raha hai...
2026-09-11 00:51:00 [INFO]   >> 'Like Video' click kar raha hoon...
2026-09-11 00:51:04 [INFO]   >> YouTube: https://www.youtube.com/watch?v=IVqJHvqG7DQ
2026-09-11 00:51:45 [INFO]   [OK] YouTube Like JS fallback: clicked: like this video along with 20 other people
2026-09-11 00:51:47 [INFO]   >> YouLikeHits pe confirm kar raha hoon...
2026-09-11 00:51:50 [INFO]   [OK] 'I'm done - check now' clicked!
2026-09-11 00:52:18 [INFO]   [DONE] Points earn ho gaye!
2026-09-11 00:52:18 [INFO] [STATS] Likes: 7 | Points: 271 | Gained: +22
2026-09-11 00:52:24 [INFO] [Like #8] Processing...
2026-09-11 00:52:28 [INFO]   >> Grid 'Like' button dhund raha hoon...
2026-09-11 00:52:30 [INFO]   >> 'Like' clicked! Detail view load ho raha hai...
2026-09-11 00:52:30 [INFO]   >> 'Like Video' click kar raha hoon...
2026-09-11 00:52:38 [INFO]   >> YouTube: https://www.youtube.com/watch?v=IVqJHvqG7DQ
2026-09-11 00:53:20 [INFO]   [OK] YouTube Like JS fallback: clicked: like this video along with 20 other people
2026-09-11 00:53:23 [INFO]   >> YouLikeHits pe confirm kar raha hoon...
2026-09-11 00:53:25 [INFO]   [OK] 'I'm done - check now' clicked!
2026-09-11 00:53:54 [INFO]   [DONE] Points earn ho gaye!
2026-09-11 00:53:54 [INFO] [STATS] Likes: 8 | Points: 271 | Gained: +22
2026-09-11 00:54:01 [INFO] [Like #9] Processing...
2026-09-11 00:54:05 [INFO]   >> Grid 'Like' button dhund raha hoon...
2026-09-11 00:54:07 [INFO]   >> 'Like' clicked! Detail view load ho raha hai...
2026-09-11 00:54:07 [INFO]   >> 'Like Video' click kar raha hoon...
2026-09-11 00:54:10 [INFO]   >> YouTube: https://www.youtube.com/watch?v=IVqJHvqG7DQ
2026-09-11 00:54:50 [INFO]   [OK] YouTube Like JS fallback: clicked: like this video along with 20 other people
2026-09-11 00:54:53 [INFO]   >> YouLikeHits pe confirm kar raha hoon...
2026-09-11 00:54:55 [INFO]   [OK] 'I'm done - check now' clicked!
2026-09-11 00:55:24 [INFO]   [DONE] Points earn ho gaye!
2026-09-11 00:55:24 [INFO] [STATS] Likes: 9 | Points: 271 | Gained: +22
2026-09-11 00:55:27 [INFO] [Like #10] Processing...
2026-09-11 00:55:31 [INFO]   >> Grid 'Like' button dhund raha hoon...
2026-09-11 00:55:33 [INFO]   >> 'Like' clicked! Detail view load ho raha hai...
2026-09-11 00:55:33 [INFO]   >> 'Like Video' click kar raha hoon...
2026-09-11 00:55:36 [INFO]   >> YouTube: https://www.youtube.com/watch?v=IVqJHvqG7DQ
2026-09-11 00:56:17 [INFO]   [OK] YouTube Like JS fallback: clicked: like this video along with 20 other people
2026-09-11 00:56:20 [INFO]   >> YouLikeHits pe confirm kar raha hoon...
2026-09-11 00:56:23 [INFO]   [OK] 'I'm done - check now' clicked!
2026-09-11 00:56:52 [INFO]   [DONE] Points earn ho gaye!
2026-09-11 00:56:52 [INFO] [STATS] Likes: 10 | Points: 271 | Gained: +22
2026-09-11 00:56:58 [INFO] [Like #11] Processing...
2026-09-11 00:57:03 [INFO]   >> Grid 'Like' button dhund raha hoon...
2026-09-11 00:57:05 [INFO]   >> 'Like' clicked! Detail view load ho raha hai...
2026-09-11 00:57:05 [INFO]   >> 'Like Video' click kar raha hoon...
2026-09-11 00:57:15 [ERROR]   [ERROR] Like process error: ElementHandle.click: Element is not attached to the DOM
Call log:
  - attempting click action
    - waiting for element to be visible, enabled and stable

2026-09-11 00:57:15 [WARNING] [FAIL] Failure #1/5
2026-09-11 00:57:19 [INFO] [Like #11] Processing...
2026-09-11 00:57:23 [INFO]   >> Grid 'Like' button dhund raha hoon...
2026-09-11 00:57:26 [INFO]   >> 'Like' clicked! Detail view load ho raha hai...
2026-09-11 00:57:26 [INFO]   >> 'Like Video' click kar raha hoon...
2026-09-11 00:57:28 [INFO]   >> YouTube: https://www.youtube.com/watch?v=IVqJHvqG7DQ
2026-09-11 00:58:07 [INFO]   [OK] YouTube Like JS fallback: clicked: like this video along with 21 other people
2026-09-11 00:58:10 [INFO]   >> YouLikeHits pe confirm kar raha hoon...
2026-09-11 00:58:13 [INFO]   [OK] 'I'm done - check now' clicked!
2026-09-11 00:58:43 [INFO]   [DONE] Points earn ho gaye!
2026-09-11 00:58:43 [INFO] [STATS] Likes: 11 | Points: 271 | Gained: +22
2026-09-11 00:58:49 [INFO] [Like #12] Processing...
2026-09-11 00:58:52 [INFO]   >> Grid 'Like' button dhund raha hoon...
2026-09-11 00:58:55 [INFO]   >> 'Like' clicked! Detail view load ho raha hai...
2026-09-11 00:58:55 [INFO]   >> 'Like Video' click kar raha hoon...
2026-09-11 00:58:58 [INFO]   >> YouTube: https://www.youtube.com/watch?v=IVqJHvqG7DQ
2026-09-11 00:59:38 [INFO]   [OK] YouTube Like JS fallback: clicked: like this video along with 21 other people
2026-09-11 00:59:41 [INFO]   >> YouLikeHits pe confirm kar raha hoon...
2026-09-11 00:59:44 [INFO]   [OK] 'I'm done - check now' clicked!
2026-09-11 01:00:14 [INFO]   [DONE] Points earn ho gaye!
2026-09-11 01:00:14 [INFO] [STATS] Likes: 12 | Points: 293 | Gained: +44
2026-09-11 01:00:20 [INFO] [Like #13] Processing...
2026-09-11 01:00:23 [INFO]   >> Grid 'Like' button dhund raha hoon...
2026-09-11 01:00:26 [INFO]   >> 'Like' clicked! Detail view load ho raha hai...
2026-09-11 01:00:26 [INFO]   >> 'Like Video' click kar raha hoon...
2026-09-11 01:00:29 [INFO]   >> YouTube: https://www.youtube.com/watch?v=YFqqPSgOUTg
2026-09-11 01:01:09 [INFO]   [OK] YouTube Like JS fallback: clicked: like this video along with 99 other people
2026-09-11 01:01:11 [INFO]   >> YouLikeHits pe confirm kar raha hoon...
